3259
0 79
13 79
24 55
31 79
33 79
50 79
52 55
52 55
62 79
68 55
81 55
84 55
88 55
91 55
95 55
96 55
96 55
98 79
101 79
111 79
112 55
115 79
118 79
121 55
125 55
126 55
134 79
134 79
143 55
146 79
146 79
153 79
155 55
158 55
162 55
165 79
167 55
172 79
174 55
179 79
183 55
184 55
187 79
187 79
190 79
193 55
195 79
196 79
200 55
206 55
209 55
213 79
214 79
217 55
229 55
229 55
230 55
250 55
269 55
271 79
291 55
306 79
308 79
317 79
324 79
325 55
335 55
364 55
366 79
380 55
382 79
383 79
393 79
397 55
402 55
403 79
405 79
406 79
407 55
424 79
427 79
427 79
430 55
431 79
436 79
470 55
