1232
18 83
36 70
42 83
58 70
78 70
80 83
93 70
96 70
106 83
113 83
